2024-10-29T21:01:45:INFO: { "OS": "macOS", "video_adapter_driver_info": [], "screen_size": (2880, 1800), "screen_dpi": 256, "screen_scale": 2, "cores": 8, "locale": "en_US" }
2024-10-29T21:01:45:INFO: [step_commands: 0]
Godot Engine v4.3.stable.official.77dcf97d8 - https://godotengine.org
OpenGL API 4.1 Metal - 88.1 - Compatibility - Using Device: Apple - Apple M1

--- Debugging process stopped ---
  scene/gui/control.cpp:1448 - Nodes with non-equal opposite anchors will have their size overridden after _ready(). 
  If you want to set size, change the anchors or consider using set_deferred().

2024-10-29T21:01:55:INFO: [step_commands: 1]
Godot Engine v4.3.stable.official.77dcf97d8 - https://godotengine.org
OpenGL API 4.1 Metal - 88.1 - Compatibility - Using Device: Apple - Apple M1

--- Debugging process stopped ---
  scene/gui/control.cpp:1448 - Nodes with non-equal opposite anchors will have their size overridden after _ready(). 
  If you want to set size, change the anchors or consider using set_deferred().
  scene/gui/control.cpp:1448 - Nodes with non-equal opposite anchors will have their size overridden after _ready(). 
  If you want to set size, change the anchors or consider using set_deferred().

2024-10-29T21:01:58:INFO: [step_commands: 2]
Godot Engine v4.3.stable.official.77dcf97d8 - https://godotengine.org
OpenGL API 4.1 Metal - 88.1 - Compatibility - Using Device: Apple - Apple M1

--- Debugging process stopped ---
  scene/gui/control.cpp:1448 - Nodes with non-equal opposite anchors will have their size overridden after _ready(). 
  If you want to set size, change the anchors or consider using set_deferred().
  scene/gui/control.cpp:1448 - Nodes with non-equal opposite anchors will have their size overridden after _ready(). 
  If you want to set size, change the anchors or consider using set_deferred().
  scene/gui/control.cpp:1448 - Nodes with non-equal opposite anchors will have their size overridden after _ready(). 
  If you want to set size, change the anchors or consider using set_deferred().

2024-10-29T21:02:02:INFO: [step_commands: 3]
Godot Engine v4.3.stable.official.77dcf97d8 - https://godotengine.org
OpenGL API 4.1 Metal - 88.1 - Compatibility - Using Device: Apple - Apple M1

--- Debugging process stopped ---
  scene/gui/control.cpp:1448 - Nodes with non-equal opposite anchors will have their size overridden after _ready(). 
  If you want to set size, change the anchors or consider using set_deferred().
  scene/gui/control.cpp:1448 - Nodes with non-equal opposite anchors will have their size overridden after _ready(). 
  If you want to set size, change the anchors or consider using set_deferred().
  scene/gui/control.cpp:1448 - Nodes with non-equal opposite anchors will have their size overridden after _ready(). 
  If you want to set size, change the anchors or consider using set_deferred().
  scene/gui/control.cpp:1448 - Nodes with non-equal opposite anchors will have their size overridden after _ready(). 
  If you want to set size, change the anchors or consider using set_deferred().

2024-10-29T21:02:09:INFO: [step_commands: 4]
Godot Engine v4.3.stable.official.77dcf97d8 - https://godotengine.org
OpenGL API 4.1 Metal - 88.1 - Compatibility - Using Device: Apple - Apple M1

--- Debugging process stopped ---
  scene/gui/control.cpp:1448 - Nodes with non-equal opposite anchors will have their size overridden after _ready(). 
  If you want to set size, change the anchors or consider using set_deferred().
  scene/gui/control.cpp:1448 - Nodes with non-equal opposite anchors will have their size overridden after _ready(). 
  If you want to set size, change the anchors or consider using set_deferred().
  scene/gui/control.cpp:1448 - Nodes with non-equal opposite anchors will have their size overridden after _ready(). 
  If you want to set size, change the anchors or consider using set_deferred().
  scene/gui/control.cpp:1448 - Nodes with non-equal opposite anchors will have their size overridden after _ready(). 
  If you want to set size, change the anchors or consider using set_deferred().
  scene/gui/control.cpp:1448 - Nodes with non-equal opposite anchors will have their size overridden after _ready(). 
  If you want to set size, change the anchors or consider using set_deferred().
Create Node

2024-10-29T21:02:13:INFO: [step_commands: 5]
Godot Engine v4.3.stable.official.77dcf97d8 - https://godotengine.org
OpenGL API 4.1 Metal - 88.1 - Compatibility - Using Device: Apple - Apple M1

--- Debugging process stopped ---
  scene/gui/control.cpp:1448 - Nodes with non-equal opposite anchors will have their size overridden after _ready(). 
  If you want to set size, change the anchors or consider using set_deferred().
  scene/gui/control.cpp:1448 - Nodes with non-equal opposite anchors will have their size overridden after _ready(). 
  If you want to set size, change the anchors or consider using set_deferred().
  scene/gui/control.cpp:1448 - Nodes with non-equal opposite anchors will have their size overridden after _ready(). 
  If you want to set size, change the anchors or consider using set_deferred().
  scene/gui/control.cpp:1448 - Nodes with non-equal opposite anchors will have their size overridden after _ready(). 
  If you want to set size, change the anchors or consider using set_deferred().
  scene/gui/control.cpp:1448 - Nodes with non-equal opposite anchors will have their size overridden after _ready(). 
  If you want to set size, change the anchors or consider using set_deferred().
Create Node
  scene/gui/control.cpp:1448 - Nodes with non-equal opposite anchors will have their size overridden after _ready(). 
  If you want to set size, change the anchors or consider using set_deferred().

2024-10-29T21:02:18:INFO: [step_commands: 6]
Godot Engine v4.3.stable.official.77dcf97d8 - https://godotengine.org
OpenGL API 4.1 Metal - 88.1 - Compatibility - Using Device: Apple - Apple M1

--- Debugging process stopped ---
  scene/gui/control.cpp:1448 - Nodes with non-equal opposite anchors will have their size overridden after _ready(). 
  If you want to set size, change the anchors or consider using set_deferred().
  scene/gui/control.cpp:1448 - Nodes with non-equal opposite anchors will have their size overridden after _ready(). 
  If you want to set size, change the anchors or consider using set_deferred().
  scene/gui/control.cpp:1448 - Nodes with non-equal opposite anchors will have their size overridden after _ready(). 
  If you want to set size, change the anchors or consider using set_deferred().
  scene/gui/control.cpp:1448 - Nodes with non-equal opposite anchors will have their size overridden after _ready(). 
  If you want to set size, change the anchors or consider using set_deferred().
  scene/gui/control.cpp:1448 - Nodes with non-equal opposite anchors will have their size overridden after _ready(). 
  If you want to set size, change the anchors or consider using set_deferred().
Create Node
  scene/gui/control.cpp:1448 - Nodes with non-equal opposite anchors will have their size overridden after _ready(). 
  If you want to set size, change the anchors or consider using set_deferred().
  scene/gui/control.cpp:1448 - Nodes with non-equal opposite anchors will have their size overridden after _ready(). 
  If you want to set size, change the anchors or consider using set_deferred().

2024-10-29T21:02:27:INFO: [step_commands: 7]
Godot Engine v4.3.stable.official.77dcf97d8 - https://godotengine.org
OpenGL API 4.1 Metal - 88.1 - Compatibility - Using Device: Apple - Apple M1

--- Debugging process stopped ---

2024-10-29T21:02:34:INFO: [step_commands: 8]
Godot Engine v4.3.stable.official.77dcf97d8 - https://godotengine.org
OpenGL API 4.1 Metal - 88.1 - Compatibility - Using Device: Apple - Apple M1

--- Debugging process stopped ---
  scene/gui/control.cpp:1448 - Nodes with non-equal opposite anchors will have their size overridden after _ready(). 
  If you want to set size, change the anchors or consider using set_deferred().

2024-10-29T21:02:37:INFO: [step_commands: 9]
Godot Engine v4.3.stable.official.77dcf97d8 - https://godotengine.org
OpenGL API 4.1 Metal - 88.1 - Compatibility - Using Device: Apple - Apple M1

--- Debugging process stopped ---
  scene/gui/control.cpp:1448 - Nodes with non-equal opposite anchors will have their size overridden after _ready(). 
  If you want to set size, change the anchors or consider using set_deferred().
  scene/gui/control.cpp:1448 - Nodes with non-equal opposite anchors will have their size overridden after _ready(). 
  If you want to set size, change the anchors or consider using set_deferred().

2024-10-29T21:02:40:INFO: [step_commands: 10]
Godot Engine v4.3.stable.official.77dcf97d8 - https://godotengine.org
OpenGL API 4.1 Metal - 88.1 - Compatibility - Using Device: Apple - Apple M1

--- Debugging process stopped ---
  scene/gui/control.cpp:1448 - Nodes with non-equal opposite anchors will have their size overridden after _ready(). 
  If you want to set size, change the anchors or consider using set_deferred().
  scene/gui/control.cpp:1448 - Nodes with non-equal opposite anchors will have their size overridden after _ready(). 
  If you want to set size, change the anchors or consider using set_deferred().
  scene/gui/control.cpp:1448 - Nodes with non-equal opposite anchors will have their size overridden after _ready(). 
  If you want to set size, change the anchors or consider using set_deferred().

2024-10-29T21:02:52:INFO: [step_commands: 11]
Godot Engine v4.3.stable.official.77dcf97d8 - https://godotengine.org
OpenGL API 4.1 Metal - 88.1 - Compatibility - Using Device: Apple - Apple M1

--- Debugging process stopped ---
  scene/gui/control.cpp:1448 - Nodes with non-equal opposite anchors will have their size overridden after _ready(). 
  If you want to set size, change the anchors or consider using set_deferred().
  scene/gui/control.cpp:1448 - Nodes with non-equal opposite anchors will have their size overridden after _ready(). 
  If you want to set size, change the anchors or consider using set_deferred().
  scene/gui/control.cpp:1448 - Nodes with non-equal opposite anchors will have their size overridden after _ready(). 
  If you want to set size, change the anchors or consider using set_deferred().
  scene/gui/control.cpp:1448 - Nodes with non-equal opposite anchors will have their size overridden after _ready(). 
  If you want to set size, change the anchors or consider using set_deferred().

2024-10-29T21:03:01:INFO: [step_commands: 12]
Godot Engine v4.3.stable.official.77dcf97d8 - https://godotengine.org
OpenGL API 4.1 Metal - 88.1 - Compatibility - Using Device: Apple - Apple M1

--- Debugging process stopped ---
  scene/gui/control.cpp:1448 - Nodes with non-equal opposite anchors will have their size overridden after _ready(). 
  If you want to set size, change the anchors or consider using set_deferred().
  scene/gui/control.cpp:1448 - Nodes with non-equal opposite anchors will have their size overridden after _ready(). 
  If you want to set size, change the anchors or consider using set_deferred().
  scene/gui/control.cpp:1448 - Nodes with non-equal opposite anchors will have their size overridden after _ready(). 
  If you want to set size, change the anchors or consider using set_deferred().
  scene/gui/control.cpp:1448 - Nodes with non-equal opposite anchors will have their size overridden after _ready(). 
  If you want to set size, change the anchors or consider using set_deferred().
  scene/gui/control.cpp:1448 - Nodes with non-equal opposite anchors will have their size overridden after _ready(). 
  If you want to set size, change the anchors or consider using set_deferred().

2024-10-29T21:03:12:INFO: [step_commands: 13]
Godot Engine v4.3.stable.official.77dcf97d8 - https://godotengine.org
OpenGL API 4.1 Metal - 88.1 - Compatibility - Using Device: Apple - Apple M1

--- Debugging process stopped ---
  scene/gui/control.cpp:1448 - Nodes with non-equal opposite anchors will have their size overridden after _ready(). 
  If you want to set size, change the anchors or consider using set_deferred().
  scene/gui/control.cpp:1448 - Nodes with non-equal opposite anchors will have their size overridden after _ready(). 
  If you want to set size, change the anchors or consider using set_deferred().
  scene/gui/control.cpp:1448 - Nodes with non-equal opposite anchors will have their size overridden after _ready(). 
  If you want to set size, change the anchors or consider using set_deferred().
  scene/gui/control.cpp:1448 - Nodes with non-equal opposite anchors will have their size overridden after _ready(). 
  If you want to set size, change the anchors or consider using set_deferred().
  scene/gui/control.cpp:1448 - Nodes with non-equal opposite anchors will have their size overridden after _ready(). 
  If you want to set size, change the anchors or consider using set_deferred().
  scene/gui/control.cpp:1448 - Nodes with non-equal opposite anchors will have their size overridden after _ready(). 
  If you want to set size, change the anchors or consider using set_deferred().

2024-10-29T21:03:16:INFO: [step_commands: 14]
Godot Engine v4.3.stable.official.77dcf97d8 - https://godotengine.org
OpenGL API 4.1 Metal - 88.1 - Compatibility - Using Device: Apple - Apple M1

--- Debugging process stopped ---
  scene/gui/control.cpp:1448 - Nodes with non-equal opposite anchors will have their size overridden after _ready(). 
  If you want to set size, change the anchors or consider using set_deferred().
  scene/gui/control.cpp:1448 - Nodes with non-equal opposite anchors will have their size overridden after _ready(). 
  If you want to set size, change the anchors or consider using set_deferred().
  scene/gui/control.cpp:1448 - Nodes with non-equal opposite anchors will have their size overridden after _ready(). 
  If you want to set size, change the anchors or consider using set_deferred().
  scene/gui/control.cpp:1448 - Nodes with non-equal opposite anchors will have their size overridden after _ready(). 
  If you want to set size, change the anchors or consider using set_deferred().
  scene/gui/control.cpp:1448 - Nodes with non-equal opposite anchors will have their size overridden after _ready(). 
  If you want to set size, change the anchors or consider using set_deferred().
  scene/gui/control.cpp:1448 - Nodes with non-equal opposite anchors will have their size overridden after _ready(). 
  If you want to set size, change the anchors or consider using set_deferred().
  scene/gui/control.cpp:1448 - Nodes with non-equal opposite anchors will have their size overridden after _ready(). 
  If you want to set size, change the anchors or consider using set_deferred().

2024-10-29T21:03:27:INFO: [step_commands: 15]
Godot Engine v4.3.stable.official.77dcf97d8 - https://godotengine.org
OpenGL API 4.1 Metal - 88.1 - Compatibility - Using Device: Apple - Apple M1

--- Debugging process stopped ---
  scene/gui/control.cpp:1448 - Nodes with non-equal opposite anchors will have their size overridden after _ready(). 
  If you want to set size, change the anchors or consider using set_deferred().
  scene/gui/control.cpp:1448 - Nodes with non-equal opposite anchors will have their size overridden after _ready(). 
  If you want to set size, change the anchors or consider using set_deferred().
  scene/gui/control.cpp:1448 - Nodes with non-equal opposite anchors will have their size overridden after _ready(). 
  If you want to set size, change the anchors or consider using set_deferred().
  scene/gui/control.cpp:1448 - Nodes with non-equal opposite anchors will have their size overridden after _ready(). 
  If you want to set size, change the anchors or consider using set_deferred().
  scene/gui/control.cpp:1448 - Nodes with non-equal opposite anchors will have their size overridden after _ready(). 
  If you want to set size, change the anchors or consider using set_deferred().
  scene/gui/control.cpp:1448 - Nodes with non-equal opposite anchors will have their size overridden after _ready(). 
  If you want to set size, change the anchors or consider using set_deferred().
  scene/gui/control.cpp:1448 - Nodes with non-equal opposite anchors will have their size overridden after _ready(). 
  If you want to set size, change the anchors or consider using set_deferred().
  scene/gui/control.cpp:1448 - Nodes with non-equal opposite anchors will have their size overridden after _ready(). 
  If you want to set size, change the anchors or consider using set_deferred().

2024-10-29T21:03:34:INFO: [step_commands: 16]
Godot Engine v4.3.stable.official.77dcf97d8 - https://godotengine.org
OpenGL API 4.1 Metal - 88.1 - Compatibility - Using Device: Apple - Apple M1

--- Debugging process stopped ---
  scene/gui/control.cpp:1448 - Nodes with non-equal opposite anchors will have their size overridden after _ready(). 
  If you want to set size, change the anchors or consider using set_deferred().
  scene/gui/control.cpp:1448 - Nodes with non-equal opposite anchors will have their size overridden after _ready(). 
  If you want to set size, change the anchors or consider using set_deferred().
  scene/gui/control.cpp:1448 - Nodes with non-equal opposite anchors will have their size overridden after _ready(). 
  If you want to set size, change the anchors or consider using set_deferred().
  scene/gui/control.cpp:1448 - Nodes with non-equal opposite anchors will have their size overridden after _ready(). 
  If you want to set size, change the anchors or consider using set_deferred().
  scene/gui/control.cpp:1448 - Nodes with non-equal opposite anchors will have their size overridden after _ready(). 
  If you want to set size, change the anchors or consider using set_deferred().
  scene/gui/control.cpp:1448 - Nodes with non-equal opposite anchors will have their size overridden after _ready(). 
  If you want to set size, change the anchors or consider using set_deferred().
  scene/gui/control.cpp:1448 - Nodes with non-equal opposite anchors will have their size overridden after _ready(). 
  If you want to set size, change the anchors or consider using set_deferred().
  scene/gui/control.cpp:1448 - Nodes with non-equal opposite anchors will have their size overridden after _ready(). 
  If you want to set size, change the anchors or consider using set_deferred().
  scene/gui/control.cpp:1448 - Nodes with non-equal opposite anchors will have their size overridden after _ready(). 
  If you want to set size, change the anchors or consider using set_deferred().

2024-10-29T21:03:38:INFO: [step_commands: 17]
Godot Engine v4.3.stable.official.77dcf97d8 - https://godotengine.org
OpenGL API 4.1 Metal - 88.1 - Compatibility - Using Device: Apple - Apple M1

--- Debugging process stopped ---
  scene/gui/control.cpp:1448 - Nodes with non-equal opposite anchors will have their size overridden after _ready(). 
  If you want to set size, change the anchors or consider using set_deferred().
  scene/gui/control.cpp:1448 - Nodes with non-equal opposite anchors will have their size overridden after _ready(). 
  If you want to set size, change the anchors or consider using set_deferred().
  scene/gui/control.cpp:1448 - Nodes with non-equal opposite anchors will have their size overridden after _ready(). 
  If you want to set size, change the anchors or consider using set_deferred().
  scene/gui/control.cpp:1448 - Nodes with non-equal opposite anchors will have their size overridden after _ready(). 
  If you want to set size, change the anchors or consider using set_deferred().
  scene/gui/control.cpp:1448 - Nodes with non-equal opposite anchors will have their size overridden after _ready(). 
  If you want to set size, change the anchors or consider using set_deferred().
  scene/gui/control.cpp:1448 - Nodes with non-equal opposite anchors will have their size overridden after _ready(). 
  If you want to set size, change the anchors or consider using set_deferred().
  scene/gui/control.cpp:1448 - Nodes with non-equal opposite anchors will have their size overridden after _ready(). 
  If you want to set size, change the anchors or consider using set_deferred().
  scene/gui/control.cpp:1448 - Nodes with non-equal opposite anchors will have their size overridden after _ready(). 
  If you want to set size, change the anchors or consider using set_deferred().
  scene/gui/control.cpp:1448 - Nodes with non-equal opposite anchors will have their size overridden after _ready(). 
  If you want to set size, change the anchors or consider using set_deferred().
  scene/gui/control.cpp:1448 - Nodes with non-equal opposite anchors will have their size overridden after _ready(). 
  If you want to set size, change the anchors or consider using set_deferred().

2024-10-29T21:03:48:INFO: [step_commands: 18]
Godot Engine v4.3.stable.official.77dcf97d8 - https://godotengine.org
OpenGL API 4.1 Metal - 88.1 - Compatibility - Using Device: Apple - Apple M1

--- Debugging process stopped ---

